src/controllers/clubController.ts(23,48): error TS2345: Argument of type 'string' is not assignable to parameter of type 'Buffer<ArrayBufferLike>'.
src/controllers/clubController.ts(33,16): error TS2769: No overload matches this call.
  The last overload gave the following error.
    Type 'string | undefined' is not assignable to type 'ObjectIdQueryTypeCasting'.
      Type 'undefined' is not assignable to type 'ObjectIdQueryTypeCasting'.
        Type 'string | undefined' is not assignable to type 'ObjectIdQueryTypeCasting'.
          Type 'undefined' is not assignable to type 'ObjectIdQueryTypeCasting'.
src/controllers/clubController.ts(34,17): error TS2769: No overload matches this call.
  The last overload gave the following error.
    Type 'string | undefined' is not assignable to type 'ObjectIdQueryTypeCasting'.
      Type 'undefined' is not assignable to type 'ObjectIdQueryTypeCasting'.
        Type 'string | undefined' is not assignable to type 'ObjectIdQueryTypeCasting'.
          Type 'undefined' is not assignable to type 'ObjectIdQueryTypeCasting'.
src/controllers/clubController.ts(37,38): error TS2339: Property 'populate' does not exist on type 'never'.
src/controllers/clubController.ts(131,40): error TS2345: Argument of type 'string' is not assignable to parameter of type 'Buffer<ArrayBufferLike>'.
src/controllers/clubController.ts(135,7): error TS2769: No overload matches this call.
  The last overload gave the following error.
    Type 'string | string[]' is not assignable to type 'ObjectIdQueryTypeCasting | undefined'.
      Type 'string[]' is not assignable to type 'ObjectIdQueryTypeCasting | undefined'.
        Type 'string[]' is missing the following properties from type 'ObjectId': _bsontype, id, toHexString, toJSON, and 5 more.
src/controllers/clubController.ts(143,38): error TS2339: Property 'populate' does not exist on type 'never'.
src/controllers/clubController.ts(202,7): error TS2769: No overload matches this call.
  The last overload gave the following error.
    Type 'string | string[]' is not assignable to type 'ObjectIdQueryTypeCasting | undefined'.
      Type 'string[]' is not assignable to type 'ObjectIdQueryTypeCasting | undefined'.
        Type 'string[]' is missing the following properties from type 'ObjectId': _bsontype, id, toHexString, toJSON, and 5 more.
src/controllers/clubController.ts(209,44): error TS2339: Property 'populate' does not exist on type 'never'.
